This file contains any messages produced by compilers while
running configure, to aid debugging if configure makes a mistake.

It was created by tk configure 9.0, which was
generated by GNU Autoconf 2.73.  Invocation command line was

  $ ./configure --disable-shared --enable-64bit --with-tcl=C:/Users/Mo/Pictures/Cob-v0.0.5/vendor/TCL/win

## --------- ##
## Platform. ##
## --------- ##

hostname = Desktop-H0KG5CN
uname -m = x86_64
uname -r = 3.6.9-b4195d69.x86_64
uname -s = MINGW64_NT-10.0-26200
uname -v = 2026-06-06 17:49 UTC

/usr/bin/uname -p = unknown
/bin/uname -X     = unknown

/bin/arch              = x86_64
/usr/bin/arch -k       = unknown
/usr/convex/getsysinfo = unknown
/usr/bin/hostinfo      = unknown
/bin/machine           = unknown
/usr/bin/oslevel       = unknown
/bin/universe          = unknown

PATH: /mingw64/bin/
PATH: /usr/bin/
PATH: /c/Users/Mo/bin/
PATH: /c/windows/system32/
PATH: /c/windows/
PATH: /c/windows/System32/Wbem/
PATH: /c/windows/System32/WindowsPowerShell/v1.0/
PATH: /c/windows/System32/OpenSSH/
PATH: /c/Program Files/HP/1E.Performance.Assist/Extensibility/NomadBranch/
PATH: /c/Users/Mo/AppData/Local/Microsoft/WindowsApps/
PATH: /b/Mos Coding carrirer/Coding/Python/Python 3.14.5/
PATH: /bin/
PATH: /c/Users/Mo/Pictures/Go/go/bin/
PATH: /c/Users/Mo/Pictures/C Coding/w64devkit/bin/


## ----------- ##
## Core tests. ##
## ----------- ##

configure:2674: checking for gcc
configure:2695: found /c/Users/Mo/Pictures/C Coding/w64devkit/bin/gcc
configure:2707: result: gcc
configure:3066: checking for C compiler version
configure:3075: gcc --version >&5
gcc.exe (GCC) 16.1.0
Copyright (C) 2026 Free Software Foundation, Inc.
This is free software; see the source for copying conditions.  There is NO
warranty; not even for MERCHANTABILITY or FITNESS FOR A PARTICULAR PURPOSE.

configure:3086: $? = 0
configure:3075: gcc -v >&5
Using built-in specs.
COLLECT_GCC=C:\Users\Mo\Pictures\C Coding\w64devkit\bin\gcc.exe
COLLECT_LTO_WRAPPER=C:/Users/Mo/Pictures/C\ Coding/w64devkit/bin/../libexec/gcc/x86_64-w64-mingw32/16.1.0/lto-wrapper.exe
Target: x86_64-w64-mingw32
Configured with: /dl/gcc/configure --prefix=/w64devkit --with-sysroot=/w64devkit --with-native-system-header-dir=/include --target=x86_64-w64-mingw32 --host=x86_64-w64-mingw32 --enable-static --disable-shared --with-pic --with-gmp=/deps --with-mpc=/deps --with-mpfr=/deps --enable-languages=c,c++,fortran --enable-libgomp --enable-threads=posix --enable-tls --enable-version-specific-runtime-libs --disable-libstdcxx-verbose --disable-dependency-tracking --disable-lto --disable-multilib --disable-nls --disable-win32-registry --enable-mingw-wildcard CFLAGS_FOR_TARGET=-O2 CXXFLAGS_FOR_TARGET=-O2 LDFLAGS_FOR_TARGET=-s CFLAGS=-O2 CXXFLAGS=-O2 LDFLAGS=-s
Thread model: posix
Supported LTO compression algorithms: zlib
gcc version 16.1.0 (GCC) 
configure:3086: $? = 0
configure:3075: gcc -V >&5
gcc.exe: error: unrecognized command-line option '-V'
gcc.exe: fatal error: no input files
compilation terminated.
configure:3086: $? = 1
configure:3075: gcc -qversion >&5
gcc.exe: error: unrecognized command-line option '-qversion'; did you mean '--version'?
gcc.exe: fatal error: no input files
compilation terminated.
configure:3086: $? = 1
configure:3075: gcc -version >&5
gcc.exe: error: unrecognized command-line option '-version'
gcc.exe: fatal error: no input files
compilation terminated.
configure:3086: $? = 1
configure:3106: checking whether the C compiler works
configure:3128: gcc    conftest.c  >&5
configure:3132: $? = 0
configure:3183: result: yes
configure:3187: checking for C compiler default output file name
configure:3189: result: a.exe
configure:3195: checking for suffix of executables
configure:3202: gcc -o conftest.exe    conftest.c  >&5
configure:3206: $? = 0
configure:3230: result: .exe
configure:3254: checking whether we are cross compiling
configure:3262: gcc -o conftest.exe    conftest.c  >&5
configure:3266: $? = 0
configure:3273: ./conftest.exe
configure:3277: $? = 0
configure:3292: result: no
configure:3298: checking for suffix of object files
configure:3321: gcc -c   conftest.c >&5
configure:3325: $? = 0
configure:3349: result: o
configure:3353: checking whether the compiler supports GNU C
configure:3373: gcc -c   conftest.c >&5
configure:3373: $? = 0
configure:3385: result: yes
configure:3396: checking whether gcc accepts -g
configure:3417: gcc -c -g  conftest.c >&5
configure:3417: $? = 0
configure:3464: result: yes
configure:3484: checking for gcc option to enable C23 features
configure:3499: gcc  -c   conftest.c >&5
configure:3499: $? = 0
configure:3518: result: none needed
configure:3686: checking for inline
configure:3703: gcc -c   conftest.c >&5
configure:3703: $? = 0
configure:3713: result: inline
configure:3735: checking for stdio.h
configure:3735: gcc -c   conftest.c >&5
configure:3735: $? = 0
configure:3735: result: yes
configure:3735: checking for stdlib.h
configure:3735: gcc -c   conftest.c >&5
configure:3735: $? = 0
configure:3735: result: yes
configure:3735: checking for string.h
configure:3735: gcc -c   conftest.c >&5
configure:3735: $? = 0
configure:3735: result: yes
configure:3735: checking for inttypes.h
configure:3735: gcc -c   conftest.c >&5
configure:3735: $? = 0
configure:3735: result: yes
configure:3735: checking for stdint.h
configure:3735: gcc -c   conftest.c >&5
configure:3735: $? = 0
configure:3735: result: yes
configure:3735: checking for strings.h
configure:3735: gcc -c   conftest.c >&5
configure:3735: $? = 0
configure:3735: result: yes
configure:3735: checking for sys/stat.h
configure:3735: gcc -c   conftest.c >&5
configure:3735: $? = 0
configure:3735: result: yes
configure:3735: checking for sys/types.h
configure:3735: gcc -c   conftest.c >&5
configure:3735: $? = 0
configure:3735: result: yes
configure:3735: checking for unistd.h
configure:3735: gcc -c   conftest.c >&5
configure:3735: $? = 0
configure:3735: result: yes
configure:3810: checking for ar
configure:3831: found /c/Users/Mo/Pictures/C Coding/w64devkit/bin/ar
configure:3843: result: ar
configure:3914: checking for ranlib
configure:3935: found /c/Users/Mo/Pictures/C Coding/w64devkit/bin/ranlib
configure:3947: result: ranlib
configure:4018: checking for windres
configure:4039: found /c/Users/Mo/Pictures/C Coding/w64devkit/bin/windres
configure:4051: result: windres
configure:4078: checking whether make sets $(MAKE)
configure:4102: result: yes
configure:4125: checking how to build libraries
configure:4141: result: static
configure:4172: checking for Tcl configuration
configure:4262: result: found /c/Users/Mo/Pictures/Cob-v0.0.5/vendor/TCL/win/tclConfig.sh
configure:4268: checking for existence of /c/Users/Mo/Pictures/Cob-v0.0.5/vendor/TCL/win/tclConfig.sh
configure:4272: result: loading
configure:4330: checking if 64bit support is requested
configure:4341: result: yes
configure:4352: checking for cygpath
configure:4373: found /usr/bin/cygpath
configure:4386: result: cygpath -m
configure:4396: checking for wine
configure:4432: result: no
configure:4446: checking for cross-compile version of gcc
configure:4467: gcc -c   conftest.c >&5
configure:4467: $? = 0
configure:4478: result: no
configure:4521: checking for Windows native path bug in windres
configure:4525: windres -o conftest.res.o C:/Users/Mo/AppData/Local/Temp/conftest.rc
configure:4528: $? = 0
configure:4530: result: no
configure:4552: checking for mingw32 version of gcc
configure:4573: gcc -c   conftest.c >&5
conftest.c:23:22: error: #error win32
   23 |                     #error win32
      |                      ^~~~~
configure:4573: $? = 1
configure: failed program was:
| /* confdefs.h */
| #define PACKAGE_NAME "tk"
| #define PACKAGE_TARNAME "tk"
| #define PACKAGE_VERSION "9.0"
| #define PACKAGE_STRING "tk 9.0"
| #define PACKAGE_BUGREPORT ""
| #define PACKAGE_URL ""
| #define HAVE_STDIO_H 1
| #define HAVE_STDLIB_H 1
| #define HAVE_STRING_H 1
| #define HAVE_INTTYPES_H 1
| #define HAVE_STDINT_H 1
| #define HAVE_STRINGS_H 1
| #define HAVE_SYS_STAT_H 1
| #define HAVE_SYS_TYPES_H 1
| #define HAVE_UNISTD_H 1
| #define STDC_HEADERS 1
| #define STATIC_BUILD 1
| #define MODULE_SCOPE extern
| /* end confdefs.h.  */
| 
| 		#ifdef _WIN32
| 		    #error win32
| 		#endif
| 
| int
| main (void)
| {
| 
|   ;
|   return 0;
| }
configure:4584: result: yes
configure:4594: checking for working -fno-lto
configure:4611: gcc -c  -fno-lto  conftest.c >&5
configure:4611: $? = 0
configure:4622: result: yes
configure:4631: checking if the linker understands --disable-high-entropy-va
configure:4650: gcc -o conftest.exe   -Wl,--disable-high-entropy-va   conftest.c  >&5
configure:4650: $? = 0
configure:4662: result: yes
configure:4668: checking if the compiler understands -finput-charset
configure:4687: gcc -c  -finput-charset=UTF-8  conftest.c >&5
configure:4687: $? = 0
configure:4698: result: yes
configure:4706: checking for working --enable-auto-image-base
configure:4723: gcc -o conftest.exe  -Wl,--enable-auto-image-base   conftest.c  >&5
configure:4723: $? = 0
configure:4735: result: yes
configure:4742: checking compiler flags
configure:4764: result: using static flags
configure:4840: result:    Using 64-bit AMD64 mode
configure:5009: checking for SEH support in compiler
configure:5082: gcc -o conftest.exe    conftest.c -lnetapi32 -lkernel32 -luser32 -ladvapi32 -luserenv -lws2_32 >&5
conftest.c: In function 'main':
conftest.c:29:17: error: '__try' undeclared (first use in this function)
   29 |                 __try {
      |                 ^~~~~
conftest.c:29:17: note: each undeclared identifier is reported only once for each function it appears in
conftest.c:29:22: error: expected ';' before '{' token
   29 |                 __try {
      |                      ^~
      |                      ;
configure:5082: $? = 1
configure: program exited with status 1
configure: failed program was:
| /* confdefs.h */
| #define PACKAGE_NAME "tk"
| #define PACKAGE_TARNAME "tk"
| #define PACKAGE_VERSION "9.0"
| #define PACKAGE_STRING "tk 9.0"
| #define PACKAGE_BUGREPORT ""
| #define PACKAGE_URL ""
| #define HAVE_STDIO_H 1
| #define HAVE_STDLIB_H 1
| #define HAVE_STRING_H 1
| #define HAVE_INTTYPES_H 1
| #define HAVE_STDINT_H 1
| #define HAVE_STRINGS_H 1
| #define HAVE_SYS_STAT_H 1
| #define HAVE_SYS_TYPES_H 1
| #define HAVE_UNISTD_H 1
| #define STDC_HEADERS 1
| #define STATIC_BUILD 1
| #define MODULE_SCOPE extern
| #define TCL_CFG_DO64BIT 1
| /* end confdefs.h.  */
| 
| 	    #define WIN32_LEAN_AND_MEAN
| 	    #include <windows.h>
| 	    #undef WIN32_LEAN_AND_MEAN
| 
| 	    int main(int argc, char** argv) {
| 		int a, b = 0;
| 		__try {
| 		    a = 666 / b;
| 		}
| 		__except (EXCEPTION_EXECUTE_HANDLER) {
| 		    return 0;
| 		}
| 		return 1;
| 	    }
| 
configure:5097: result: no
configure:5111: checking for EXCEPTION_DISPOSITION support in include files
configure:5134: gcc -c   conftest.c >&5
configure:5134: $? = 0
configure:5145: result: yes
configure:5157: checking for cast to union support
configure:5177: gcc -c   conftest.c >&5
configure:5177: $? = 0
configure:5188: result: yes
configure:5205: checking for intptr_t
configure:5205: gcc -c   conftest.c >&5
configure:5205: $? = 0
configure:5205: gcc -c   conftest.c >&5
conftest.c: In function 'main':
conftest.c:31:23: error: expected expression before ')' token
   31 | if (sizeof ((intptr_t)))
      |                       ^
configure:5205: $? = 1
configure: failed program was:
| /* confdefs.h */
| #define PACKAGE_NAME "tk"
| #define PACKAGE_TARNAME "tk"
| #define PACKAGE_VERSION "9.0"
| #define PACKAGE_STRING "tk 9.0"
| #define PACKAGE_BUGREPORT ""
| #define PACKAGE_URL ""
| #define HAVE_STDIO_H 1
| #define HAVE_STDLIB_H 1
| #define HAVE_STRING_H 1
| #define HAVE_INTTYPES_H 1
| #define HAVE_STDINT_H 1
| #define HAVE_STRINGS_H 1
| #define HAVE_SYS_STAT_H 1
| #define HAVE_SYS_TYPES_H 1
| #define HAVE_UNISTD_H 1
| #define STDC_HEADERS 1
| #define STATIC_BUILD 1
| #define MODULE_SCOPE extern
| #define TCL_CFG_DO64BIT 1
| #define HAVE_NO_SEH 1
| #define HAVE_CAST_TO_UNION 1
| /* end confdefs.h.  */
| 
| #include <stdint.h>
| 
| 
| int
| main (void)
| {
| if (sizeof ((intptr_t)))
| 	    return 0;
|   ;
|   return 0;
| }
configure:5205: result: yes
configure:5216: checking for uintptr_t
configure:5216: gcc -c   conftest.c >&5
configure:5216: $? = 0
configure:5216: gcc -c   conftest.c >&5
conftest.c: In function 'main':
conftest.c:32:24: error: expected expression before ')' token
   32 | if (sizeof ((uintptr_t)))
      |                        ^
configure:5216: $? = 1
configure: failed program was:
| /* confdefs.h */
| #define PACKAGE_NAME "tk"
| #define PACKAGE_TARNAME "tk"
| #define PACKAGE_VERSION "9.0"
| #define PACKAGE_STRING "tk 9.0"
| #define PACKAGE_BUGREPORT ""
| #define PACKAGE_URL ""
| #define HAVE_STDIO_H 1
| #define HAVE_STDLIB_H 1
| #define HAVE_STRING_H 1
| #define HAVE_INTTYPES_H 1
| #define HAVE_STDINT_H 1
| #define HAVE_STRINGS_H 1
| #define HAVE_SYS_STAT_H 1
| #define HAVE_SYS_TYPES_H 1
| #define HAVE_UNISTD_H 1
| #define STDC_HEADERS 1
| #define STATIC_BUILD 1
| #define MODULE_SCOPE extern
| #define TCL_CFG_DO64BIT 1
| #define HAVE_NO_SEH 1
| #define HAVE_CAST_TO_UNION 1
| #define HAVE_INTPTR_T 1
| /* end confdefs.h.  */
| 
| #include <stdint.h>
| 
| 
| int
| main (void)
| {
| if (sizeof ((uintptr_t)))
| 	    return 0;
|   ;
|   return 0;
| }
configure:5216: result: yes
configure:5233: checking for errno.h
configure:5233: gcc -c   conftest.c >&5
configure:5233: $? = 0
configure:5233: result: yes
configure:5248: checking availability of _strtoi64
configure:5266: gcc -o conftest.exe    conftest.c -lnetapi32 -lkernel32 -luser32 -ladvapi32 -luserenv -lws2_32 >&5
configure:5266: $? = 0
configure:5277: result: yes
configure:5285: checking for intptr_t
configure:5285: result: yes
configure:5340: checking for uintptr_t
configure:5340: result: yes
configure:5404: checking for build with symbols
configure:5422: result: no
configure:5473: checking how to run the C preprocessor
configure:5499: gcc -E  conftest.c
configure:5499: $? = 0
configure:5515: gcc -E  conftest.c
conftest.c:30:10: fatal error: ac_nonexistent.h: No such file or directory
   30 | #include <ac_nonexistent.h>
      |          ^~~~~~~~~~~~~~~~~~
compilation terminated.
configure:5515: $? = 1
configure: failed program was:
| /* confdefs.h */
| #define PACKAGE_NAME "tk"
| #define PACKAGE_TARNAME "tk"
| #define PACKAGE_VERSION "9.0"
| #define PACKAGE_STRING "tk 9.0"
| #define PACKAGE_BUGREPORT ""
| #define PACKAGE_URL ""
| #define HAVE_STDIO_H 1
| #define HAVE_STDLIB_H 1
| #define HAVE_STRING_H 1
| #define HAVE_INTTYPES_H 1
| #define HAVE_STDINT_H 1
| #define HAVE_STRINGS_H 1
| #define HAVE_SYS_STAT_H 1
| #define HAVE_SYS_TYPES_H 1
| #define HAVE_UNISTD_H 1
| #define STDC_HEADERS 1
| #define STATIC_BUILD 1
| #define MODULE_SCOPE extern
| #define TCL_CFG_DO64BIT 1
| #define HAVE_NO_SEH 1
| #define HAVE_CAST_TO_UNION 1
| #define HAVE_INTPTR_T 1
| #define HAVE_UINTPTR_T 1
| #define HAVE_INTPTR_T 1
| #define HAVE_UINTPTR_T 1
| #define NDEBUG 1
| #define TCL_CFG_OPTIMIZED 1
| /* end confdefs.h.  */
| #include <ac_nonexistent.h>
configure:5544: result: gcc -E
configure:5558: gcc -E  conftest.c
configure:5558: $? = 0
configure:5574: gcc -E  conftest.c
conftest.c:30:10: fatal error: ac_nonexistent.h: No such file or directory
   30 | #include <ac_nonexistent.h>
      |          ^~~~~~~~~~~~~~~~~~
compilation terminated.
configure:5574: $? = 1
configure: failed program was:
| /* confdefs.h */
| #define PACKAGE_NAME "tk"
| #define PACKAGE_TARNAME "tk"
| #define PACKAGE_VERSION "9.0"
| #define PACKAGE_STRING "tk 9.0"
| #define PACKAGE_BUGREPORT ""
| #define PACKAGE_URL ""
| #define HAVE_STDIO_H 1
| #define HAVE_STDLIB_H 1
| #define HAVE_STRING_H 1
| #define HAVE_INTTYPES_H 1
| #define HAVE_STDINT_H 1
| #define HAVE_STRINGS_H 1
| #define HAVE_SYS_STAT_H 1
| #define HAVE_SYS_TYPES_H 1
| #define HAVE_UNISTD_H 1
| #define STDC_HEADERS 1
| #define STATIC_BUILD 1
| #define MODULE_SCOPE extern
| #define TCL_CFG_DO64BIT 1
| #define HAVE_NO_SEH 1
| #define HAVE_CAST_TO_UNION 1
| #define HAVE_INTPTR_T 1
| #define HAVE_UINTPTR_T 1
| #define HAVE_INTPTR_T 1
| #define HAVE_UINTPTR_T 1
| #define NDEBUG 1
| #define TCL_CFG_OPTIMIZED 1
| /* end confdefs.h.  */
| #include <ac_nonexistent.h>
configure:5607: checking for egrep -e
configure:5737: result: /usr/bin/grep -E
configure:5742: checking whether to embed manifest
configure:5789: result: no
configure:5796: checking for tclsh in Tcl build directory
configure:5799: result: /c/Users/Mo/Pictures/Cob-v0.0.5/vendor/TCL/win/tclsh90${EXESUFFIX}
configure:5804: checking for tclsh
configure:5831: result: /mingw64/bin/tclsh86.exe
configure:5930: checking for zip
configure:5969: result: No zip found on PATH building minizip
configure:5984: checking for building with zipfs
configure:5993: result: yes
configure:6314: creating ./config.status

## ---------------------- ##
## Running config.status. ##
## ---------------------- ##

This file was extended by tk config.status 9.0, which was
generated by GNU Autoconf 2.73.  Invocation command line was

  CONFIG_FILES    = 
  CONFIG_HEADERS  = 
  CONFIG_LINKS    = 
  CONFIG_COMMANDS = 
  $ ./config.status 

on Desktop-H0KG5CN

config.status:809: creating tk.pc
config.status:809: creating Makefile
config.status:809: creating tkConfig.sh
config.status:809: creating wish.exe.manifest

## ---------------- ##
## Cache variables. ##
## ---------------- ##

ac_cv_c_compiler_gnu=yes
ac_cv_c_inline=inline
ac_cv_c_tclconfig=/c/Users/Mo/Pictures/Cob-v0.0.5/vendor/TCL/win
ac_cv_cross=no
ac_cv_enable_auto_image_base=yes
ac_cv_env_CC_set=
ac_cv_env_CC_value=
ac_cv_env_CFLAGS_set=
ac_cv_env_CFLAGS_value=
ac_cv_env_CPPFLAGS_set=
ac_cv_env_CPPFLAGS_value=
ac_cv_env_CPP_set=
ac_cv_env_CPP_value=
ac_cv_env_LDFLAGS_set=
ac_cv_env_LDFLAGS_value=
ac_cv_env_LIBS_set=
ac_cv_env_LIBS_value=
ac_cv_env_build_alias_set=
ac_cv_env_build_alias_value=
ac_cv_env_host_alias_set=
ac_cv_env_host_alias_value=
ac_cv_env_target_alias_set=
ac_cv_env_target_alias_value=
ac_cv_exeext=.exe
ac_cv_header_errno_h=yes
ac_cv_header_inttypes_h=yes
ac_cv_header_stdint_h=yes
ac_cv_header_stdio_h=yes
ac_cv_header_stdlib_h=yes
ac_cv_header_string_h=yes
ac_cv_header_strings_h=yes
ac_cv_header_sys_stat_h=yes
ac_cv_header_sys_types_h=yes
ac_cv_header_unistd_h=yes
ac_cv_nolto=yes
ac_cv_objext=o
ac_cv_path_EGREP_TRADITIONAL='/usr/bin/grep -E'
ac_cv_path_tclsh=/mingw64/bin/tclsh86.exe
ac_cv_prog_CPP='gcc -E'
ac_cv_prog_CYGPATH='cygpath -m'
ac_cv_prog_ac_ct_AR=ar
ac_cv_prog_ac_ct_CC=gcc
ac_cv_prog_ac_ct_RANLIB=ranlib
ac_cv_prog_ac_ct_RC=windres
ac_cv_prog_cc_c23=
ac_cv_prog_cc_g=yes
ac_cv_prog_cc_stdc=
ac_cv_prog_make_make_set=yes
ac_cv_type_intptr_t=yes
ac_cv_type_uintptr_t=yes
ac_cv_win32=yes
tcl_cv_cast_to_union=yes
tcl_cv_cc_input_charset=yes
tcl_cv_eh_disposition=yes
tcl_cv_ld_high_entropy=yes
tcl_cv_seh=no
tcl_cv_strtoi64=yes

## ----------------- ##
## Output variables. ##
## ----------------- ##

AR='ar'
BUILD_TCLSH='/c/Users/Mo/Pictures/Cob-v0.0.5/vendor/TCL/win/tclsh90${EXESUFFIX}'
CC='gcc'
CC_EXENAME='-o $@'
CC_FOR_BUILD='$(CC)'
CC_OBJNAME='-o $@'
CFG_TK_SHARED_LIB_SUFFIX='${NODOT_VERSION}.dll'
CFG_TK_UNSHARED_LIB_SUFFIX='${NODOT_VERSION}.a'
CFLAGS=''
CFLAGS_DEBUG='-g'
CFLAGS_DEFAULT='$(CFLAGS_OPTIMIZE)'
CFLAGS_NOLTO='-fno-lto'
CFLAGS_OPTIMIZE='-O2 -fomit-frame-pointer'
CFLAGS_WARNING='-Wall -Wextra -Wshadow -Wundef -Wwrite-strings -Wpointer-arith -Wc++-compat -fextended-identifiers'
CPP='gcc -E'
CPPFLAGS=''
CYGPATH='cygpath -m'
DEFS='-DPACKAGE_NAME=\"tk\" -DPACKAGE_TARNAME=\"tk\" -DPACKAGE_VERSION=\"9.0\" -DPACKAGE_STRING=\"tk\ 9.0\" -DPACKAGE_BUGREPORT=\"\" -DPACKAGE_URL=\"\" -DHAVE_STDIO_H=1 -DHAVE_STDLIB_H=1 -DHAVE_STRING_H=1 -DHAVE_INTTYPES_H=1 -DHAVE_STDINT_H=1 -DHAVE_STRINGS_H=1 -DHAVE_SYS_STAT_H=1 -DHAVE_SYS_TYPES_H=1 -DHAVE_UNISTD_H=1 -DSTDC_HEADERS=1 -DSTATIC_BUILD=1 -DMODULE_SCOPE=extern -DTCL_CFG_DO64BIT=1 -DHAVE_NO_SEH=1 -DHAVE_CAST_TO_UNION=1 -DHAVE_INTPTR_T=1 -DHAVE_UINTPTR_T=1 -DHAVE_INTPTR_T=1 -DHAVE_UINTPTR_T=1 -DNDEBUG=1 -DTCL_CFG_OPTIMIZED=1 -DZIPFS_BUILD=2'
DEPARG='"$(shell $(CYGPATH) $<)"'
DLLSUFFIX='.dll'
DL_LIBS=''
ECHO_C=''
ECHO_N='-n'
ECHO_T=''
EXEEXT='.exe'
EXEEXT_FOR_BUILD='$(EXEEXT)'
EXESUFFIX='s.exe'
EXTRA_CFLAGS='-pipe -DHAVE_CPUID=1 -finput-charset=UTF-8'
INSTALL_LIBRARIES='install-libraries-zipfs-static'
INSTALL_MSGS=''
LDFLAGS=''
LDFLAGS_CONSOLE='-mconsole -pipe -static-libgcc -municode -Wl,--disable-high-entropy-va -Wl,--enable-auto-image-base'
LDFLAGS_DEBUG=''
LDFLAGS_DEFAULT='$(LDFLAGS_OPTIMIZE)'
LDFLAGS_OPTIMIZE=''
LDFLAGS_WINDOW='-mwindows -pipe -static-libgcc -municode -Wl,--disable-high-entropy-va -Wl,--enable-auto-image-base'
LIBOBJS=''
LIBPREFIX='lib'
LIBRARIES='${STATIC_LIBRARIES}'
LIBS='-lnetapi32 -lkernel32 -luser32 -ladvapi32 -luserenv -lws2_32'
LIBSUFFIX='.a'
LIBS_GUI='-lgdi32 -lcomdlg32 -limm32 -lcomctl32 -lshell32 -luuid -lole32 -loleaut32 -lwinspool'
LTLIBOBJS=''
MACHINE='AMD64'
MAKE_DLL='${SHLIB_LD} $(LDFLAGS) -o $@ -pipe -static-libgcc -municode -Wl,--disable-high-entropy-va -Wl,--enable-auto-image-base 	    -Wl,--out-implib,$(patsubst %.dll,lib%.dll.a,$@)'
MAKE_EXE='${CC} -o $@'
MAKE_LIB='${STLIB_LD} $@'
MAKE_STUB_LIB='${STLIB_LD} $@'
MAN2TCLFLAGS=''
OBJEXT='o'
OBJEXT_FOR_BUILD='$(OBJEXT)'
PACKAGE_BUGREPORT=''
PACKAGE_NAME='tk'
PACKAGE_STRING='tk 9.0'
PACKAGE_TARNAME='tk'
PACKAGE_URL=''
PACKAGE_VERSION='9.0'
PATH_SEPARATOR=':'
POST_MAKE_LIB='${RANLIB} $@'
RANLIB='ranlib'
RC='windres'
RC_DEFINE='--define'
RC_DEFINES='--define STATIC_BUILD'
RC_INCLUDE='--include'
RC_OUT='-o'
RC_TYPE=''
RES='res.o'
SET_MAKE=''
SHARED_BUILD='0'
SHELL='/bin/sh'
SHLIB_CFLAGS=''
SHLIB_LD='${CC} -shared'
SHLIB_LD_LIBS='${LIBS}'
SHLIB_SUFFIX='.dll'
STLIB_LD='${AR} cr'
TCLSH_PROG='/mingw64/bin/tclsh86.exe'
TCL_BIN_DIR='/c/Users/Mo/Pictures/Cob-v0.0.5/vendor/TCL/win'
TCL_DEFS='-DPACKAGE_NAME=\"tcl\" -DPACKAGE_TARNAME=\"tcl\" -DPACKAGE_VERSION=\"9.0\" -DPACKAGE_STRING=\"tcl\ 9.0\" -DPACKAGE_BUGREPORT=\"\" -DPACKAGE_URL=\"\" -DTCL_CFGVAL_ENCODING=\"utf-8\" -DSTATIC_BUILD=1 -DMODULE_SCOPE=extern -DTCL_CFG_DO64BIT=1 -DHAVE_NO_SEH=1 -DHAVE_CAST_TO_UNION=1 -DTCL_WITH_INTERNAL_ZLIB=1 -DHAVE_INTPTR_T=1 -DHAVE_UINTPTR_T=1 -DZIPFS_BUILD=2 -DHAVE_INTRIN_H=1 -DHAVE_CPUID_H=1 -DHAVE_WSPIAPI_H=1 -DNDEBUG=1 -DTCL_CFG_OPTIMIZED=1'
TCL_LIB_FILE='libtcl90.a'
TCL_LIB_FLAG='libtcl90.a'
TCL_LIB_SPEC='-LC:/Users/Mo/Pictures/Cob-v0.0.5/vendor/TCL/win libtcl90.a'
TCL_MAJOR_VERSION='9'
TCL_MINOR_VERSION='0'
TCL_PATCH_LEVEL='.4'
TCL_SRC_DIR='C:/Users/Mo/Pictures/Cob-v0.0.5/vendor/TCL'
TCL_STUB_LIB_FILE='libtclstub.a'
TCL_STUB_LIB_FLAG='-ltclstub'
TCL_STUB_LIB_SPEC='-LC:/Users/Mo/Pictures/Cob-v0.0.5/vendor/TCL/win -ltclstub'
TCL_VERSION='9.0'
TK_BIN_DIR=''
TK_BUILD_LIB_SPEC='-LC:/Users/Mo/Pictures/Cob-v0.0.5/vendor/TK/win -ltcl9tk90'
TK_BUILD_STUB_LIB_PATH='C:/Users/Mo/Pictures/Cob-v0.0.5/vendor/TK/win/libtkstub.a'
TK_BUILD_STUB_LIB_SPEC='-LC:/Users/Mo/Pictures/Cob-v0.0.5/vendor/TK/win -ltkstub'
TK_CC_SEARCH_FLAGS=''
TK_DLL_FILE='tcl9tk90.dll'
TK_DLL_FILE_TCL8='tk90.dll'
TK_DLL_FILE_TCL9='tcl9tk90.dll'
TK_LD_SEARCH_FLAGS=''
TK_LIB_FILE='libtcl9tk90.a'
TK_LIB_FLAG='-ltcl9tk90'
TK_LIB_SPEC='-L/usr/local/lib -ltcl9tk90'
TK_MAJOR_VERSION='9'
TK_MINOR_VERSION='0'
TK_PATCH_LEVEL='.4'
TK_RES=''
TK_SHARED_BUILD='0'
TK_SRC_DIR='C:/Users/Mo/Pictures/Cob-v0.0.5/vendor/TK'
TK_STUB_LIB_FILE='libtkstub.a'
TK_STUB_LIB_FLAG='-ltkstub'
TK_STUB_LIB_PATH='/usr/local/lib/libtkstub.a'
TK_STUB_LIB_SPEC='-L/usr/local/lib -ltkstub'
TK_VERSION='9.0'
TK_WIN_VERSION='9.0.2.4'
TK_ZIP_FILE='libtk9.0.4.zip'
VC_MANIFEST_EMBED_DLL=''
VC_MANIFEST_EMBED_EXE=''
WINE=''
XFT_LIBS=''
XLIBSW=''
ZIPFS_BUILD='2'
ZIP_INSTALL_OBJS='minizip$(EXEEXT)'
ZIP_PROG='./minizip$(EXEEXT)'
ZIP_PROG_OPTIONS='-o -r'
ZIP_PROG_VFSSEARCH='*'
ac_ct_CC='gcc'
bindir='${exec_prefix}/bin'
build_alias=''
datadir='${datarootdir}'
datarootdir='${prefix}/share'
docdir='${datarootdir}/doc/${PACKAGE_TARNAME}'
dvidir='${docdir}'
exec_prefix='/usr/local'
host_alias=''
htmldir='${docdir}'
includedir='${prefix}/include'
infodir='${datarootdir}/info'
libdir='/usr/local/lib'
libexecdir='${exec_prefix}/libexec'
localedir='${datarootdir}/locale'
localstatedir='${prefix}/var'
mandir='${datarootdir}/man'
oldincludedir='/usr/include'
pdfdir='${docdir}'
prefix='/usr/local'
program_transform_name='s,x,x,'
psdir='${docdir}'
runstatedir='${localstatedir}/run'
sbindir='${exec_prefix}/sbin'
sharedstatedir='${prefix}/com'
sysconfdir='${prefix}/etc'
target_alias=''

## ----------- ##
## confdefs.h. ##
## ----------- ##

/* confdefs.h */
#define PACKAGE_NAME "tk"
#define PACKAGE_TARNAME "tk"
#define PACKAGE_VERSION "9.0"
#define PACKAGE_STRING "tk 9.0"
#define PACKAGE_BUGREPORT ""
#define PACKAGE_URL ""
#define HAVE_STDIO_H 1
#define HAVE_STDLIB_H 1
#define HAVE_STRING_H 1
#define HAVE_INTTYPES_H 1
#define HAVE_STDINT_H 1
#define HAVE_STRINGS_H 1
#define HAVE_SYS_STAT_H 1
#define HAVE_SYS_TYPES_H 1
#define HAVE_UNISTD_H 1
#define STDC_HEADERS 1
#define STATIC_BUILD 1
#define MODULE_SCOPE extern
#define TCL_CFG_DO64BIT 1
#define HAVE_NO_SEH 1
#define HAVE_CAST_TO_UNION 1
#define HAVE_INTPTR_T 1
#define HAVE_UINTPTR_T 1
#define HAVE_INTPTR_T 1
#define HAVE_UINTPTR_T 1
#define NDEBUG 1
#define TCL_CFG_OPTIMIZED 1
#define ZIPFS_BUILD 2

configure: exit 
