This file contains any messages produced by compilers while
running configure, to aid debugging if configure makes a mistake.

It was created by tcl configure 9.0, which was
generated by GNU Autoconf 2.73.  Invocation command line was

  $ ./configure --disable-shared --enable-64bit

## --------- ##
## Platform. ##
## --------- ##

hostname = Desktop-H0KG5CN
uname -m = x86_64
uname -r = 10.0
uname -s = Windows_NT
uname -v = 26200

/usr/bin/uname -p = unknown
/bin/uname -X     = unknown

/bin/arch              = x86_64
/usr/bin/arch -k       = x86_64
/usr/convex/getsysinfo = unknown
/usr/bin/hostinfo      = unknown
/bin/machine           = unknown
/usr/bin/oslevel       = unknown
/bin/universe          = unknown

PATH: C/
PATH: /windows/system32;C/
PATH: /windows;C/
PATH: /windows/System32/Wbem;C/
PATH: /windows/System32/WindowsPowerShell/v1.0/;C/
PATH: /windows/System32/OpenSSH/;C/
PATH: /Program Files/HP/1E.Performance.Assist/Extensibility/NomadBranch;C/
PATH: /Users/Mo/AppData/Local/Microsoft/WindowsApps;B/
PATH: /Mos Coding carrirer/Coding/Python/Python 3.14.5;B/
PATH: /!Work/PortableGit/bin;C/
PATH: /Users/Mo/Pictures/Go/go/bin;C/
PATH: /Users/Mo/Pictures/C Coding/w64devkit/bin/


## ----------- ##
## Core tests. ##
## ----------- ##

configure:2615: checking for gcc
configure:2651: result: no
configure:2720: checking for cc
configure:2773: result: no
configure:2835: checking for cl.exe
configure:2871: result: no
configure:2943: checking for clang
configure:2979: result: no
configure:3001: error: in 'C:/Users/Mo/Pictures/Cob-v0.0.5/vendor/TCL/win':
configure:3003: error: no acceptable C compiler found in $PATH
See 'config.log' for more details

## ---------------- ##
## Cache variables. ##
## ---------------- ##

ac_cv_env_CC_set=''
ac_cv_env_CC_value=''
ac_cv_env_CFLAGS_set=''
ac_cv_env_CFLAGS_value=''
ac_cv_env_CPPFLAGS_set=''
ac_cv_env_CPPFLAGS_value=''
ac_cv_env_CPP_set=''
ac_cv_env_CPP_value=''
ac_cv_env_LDFLAGS_set=''
ac_cv_env_LDFLAGS_value=''
ac_cv_env_LIBS_set=''
ac_cv_env_LIBS_value=''
ac_cv_env_build_alias_set=''
ac_cv_env_build_alias_value=''
ac_cv_env_host_alias_set=''
ac_cv_env_host_alias_value=''
ac_cv_env_target_alias_set=''
ac_cv_env_target_alias_value=''

## ----------------- ##
## Output variables. ##
## ----------------- ##

AR=''
CC=''
CC_EXENAME=''
CC_FOR_BUILD=''
CC_OBJNAME=''
CFG_TCL_SHARED_LIB_SUFFIX=''
CFG_TCL_UNSHARED_LIB_SUFFIX=''
CFLAGS=''
CFLAGS_DEBUG=''
CFLAGS_DEFAULT=''
CFLAGS_NOLTO=''
CFLAGS_OPTIMIZE=''
CFLAGS_WARNING=''
CPP=''
CPPFLAGS=''
CYGPATH=''
DEFS=''
DEPARG=''
DLLSUFFIX=''
DL_LIBS=''
ECHO_C=''
ECHO_N='-n'
ECHO_T=''
EXEEXT=''
EXEEXT_FOR_BUILD=''
EXESUFFIX=''
EXTRA_CFLAGS=''
INSTALL_LIBRARIES=''
INSTALL_MSGS=''
LDFLAGS=''
LDFLAGS_CONSOLE=''
LDFLAGS_DEBUG=''
LDFLAGS_DEFAULT=''
LDFLAGS_OPTIMIZE=''
LDFLAGS_WINDOW=''
LIBOBJS=''
LIBPREFIX=''
LIBRARIES=''
LIBS=''
LIBSUFFIX=''
LIBS_GUI=''
LTLIBOBJS=''
MACHINE=''
MAKE_DLL=''
MAKE_EXE=''
MAKE_LIB=''
MAKE_STUB_LIB=''
OBJEXT=''
OBJEXT_FOR_BUILD=''
PACKAGE_BUGREPORT=''
PACKAGE_NAME='tcl'
PACKAGE_STRING='tcl 9.0'
PACKAGE_TARNAME='tcl'
PACKAGE_URL=''
PACKAGE_VERSION='9.0'
PATH_SEPARATOR=':'
PKG_CFG_ARGS='--disable-shared --enable-64bit'
POST_MAKE_LIB=''
RANLIB=''
RC=''
RC_DEFINE=''
RC_DEFINES=''
RC_INCLUDE=''
RC_OUT=''
RC_TYPE=''
RES=''
SET_MAKE=''
SHARED_BUILD=''
SHELL='/bin/sh'
SHLIB_CFLAGS=''
SHLIB_LD=''
SHLIB_LD_LIBS=''
SHLIB_SUFFIX=''
STLIB_LD=''
TCLSH_PROG=''
TCL_BIN_DIR=''
TCL_BUILD_LIB_SPEC=''
TCL_BUILD_STUB_LIB_PATH=''
TCL_BUILD_STUB_LIB_SPEC=''
TCL_DDE_MAJOR_VERSION='1'
TCL_DDE_MINOR_VERSION='4'
TCL_DDE_VERSION='1.4'
TCL_DLL_FILE=''
TCL_EXE=''
TCL_IMPORT_LIB_FILE=''
TCL_IMPORT_LIB_FLAG=''
TCL_INCLUDE_SPEC=''
TCL_LIBS=''
TCL_LIB_FILE=''
TCL_LIB_FLAG=''
TCL_LIB_SPEC=''
TCL_MAJOR_VERSION='9'
TCL_MINOR_VERSION='0'
TCL_PACKAGE_PATH=''
TCL_PATCH_LEVEL='.4'
TCL_REG_MAJOR_VERSION='1'
TCL_REG_MINOR_VERSION='3'
TCL_REG_VERSION='1.3'
TCL_SHARED_BUILD=''
TCL_SRC_DIR=''
TCL_STATIC_LIB_FILE=''
TCL_STATIC_LIB_FLAG=''
TCL_STUB_LIB_FILE=''
TCL_STUB_LIB_FLAG=''
TCL_STUB_LIB_PATH=''
TCL_STUB_LIB_SPEC=''
TCL_TOMMATH_LIB_NAME=''
TCL_VERSION='9.0'
TCL_WIN_VERSION=''
TCL_ZIP_FILE=''
TCL_ZLIB_LIB_NAME=''
TOMMATH_DLL_FILE=''
TOMMATH_LIBS=''
TOMMATH_OBJS=''
VC_MANIFEST_EMBED_DLL=''
VC_MANIFEST_EMBED_EXE=''
WINE=''
ZIPFS_BUILD=''
ZIP_INSTALL_OBJS=''
ZIP_PROG=''
ZIP_PROG_OPTIONS=''
ZIP_PROG_VFSSEARCH=''
ZLIB_DLL_FILE=''
ZLIB_LIBS=''
ZLIB_OBJS=''
ac_ct_CC=''
bindir='${exec_prefix}/bin'
build_alias=''
datadir='${datarootdir}'
datarootdir='${prefix}/share'
docdir='${datarootdir}/doc/${PACKAGE_TARNAME}'
dvidir='${docdir}'
exec_prefix='/usr/local'
host_alias=''
htmldir='${docdir}'
includedir='${prefix}/include'
infodir='${datarootdir}/info'
libdir='/usr/local/lib'
libexecdir='${exec_prefix}/libexec'
localedir='${datarootdir}/locale'
localstatedir='${prefix}/var'
mandir='${datarootdir}/man'
oldincludedir='/usr/include'
pdfdir='${docdir}'
prefix='/usr/local'
program_transform_name='s,x,x,'
psdir='${docdir}'
runstatedir='${localstatedir}/run'
sbindir='${exec_prefix}/sbin'
sharedstatedir='${prefix}/com'
sysconfdir='${prefix}/etc'
target_alias=''

## ----------- ##
## confdefs.h. ##
## ----------- ##

/* confdefs.h */
#define PACKAGE_NAME "tcl"
#define PACKAGE_TARNAME "tcl"
#define PACKAGE_VERSION "9.0"
#define PACKAGE_STRING "tcl 9.0"
#define PACKAGE_BUGREPORT ""
#define PACKAGE_URL ""

configure: exit 
